// Vitest Snapshot v1, https://vitest.dev/guide/snapshot.html

exports[`The Character > should match the snapshot 1`] = `
<div
  class="character"
  data-v-b0b6efce=""
>
  <svg
    class="character__svg"
    data-v-b0b6efce=""
    fill="none"
    height="300"
    viewBox="0 0 300 300"
    width="300"
    xmlns="http://www.w3.org/2000/svg"
  >
    <rect
      class="character__background"
      data-v-b0b6efce=""
      fill="#undefined"
      height="300"
      ry="10"
      width="300"
    />
    <g
      data-v-b0b6efce=""
      id="character"
    >
      <g
        data-v-b0b6efce=""
        id="ears"
      >
        <ellipse
          cx="65.583"
          cy="140"
          data-v-b0b6efce=""
          fill="#f0a06f"
          id="ear"
          rx="22"
          ry="19"
        />
        <ellipse
          cx="234.583"
          cy="140"
          data-v-b0b6efce=""
          fill="#f0a06f"
          id="ear_2"
          rx="22"
          ry="19"
        />
      </g>
      <path
        clip-rule="evenodd"
        d="M149.583 38.9999C118.583 38.9999 67.083 50.1999 67.083 121C67.1918 121 67.2995 121 67.406 121C65.5608 132.056 64.9925 143.025 66.2772 152.5C69.4772 176.1 99.9439 194 114.777 200C119.611 202 133.477 206 150.277 206C167.077 206 180.944 202 185.777 200C200.611 194 231.077 176.1 234.277 152.5C235.573 142.946 234.975 131.882 233.083 120.742C232.958 50.1727 181.545 38.9999 150.583 38.9999H149.583Z"
        data-v-b0b6efce=""
        fill="#f0a06f"
        fill-rule="evenodd"
        id="head"
        transform="scale(-0.99, 0.99) translate(-302, 0)"
      />
      <g
        data-v-b0b6efce=""
        id="blush"
      >
        <!--v-if-->
        <!--v-if-->
        <g
          data-v-b0b6efce=""
          id="solid-coral"
          opacity="0.7"
        >
          <ellipse
            cx="91.0798"
            cy="156.5"
            data-v-b0b6efce=""
            fill="#FF7E36"
            id="left_3"
            rx="12.5"
            ry="10.5"
          />
          <ellipse
            cx="211.08"
            cy="156.5"
            data-v-b0b6efce=""
            fill="#FF7E36"
            id="right_3"
            rx="12.5"
            ry="10.5"
          />
        </g>
        <!--v-if-->
      </g>
      <g
        data-v-b0b6efce=""
        fill="#fff"
        id="eyes"
        stroke="#fff"
      >
        <!--v-if-->
        <!--v-if-->
        <!--v-if-->
        <!--v-if-->
        <!--v-if-->
        <!--v-if-->
        <!--v-if-->
        <!--v-if-->
        <!--v-if-->
        <!--v-if-->
        <!--v-if-->
        <!--v-if-->
        <!--v-if-->
        <!--v-if-->
        <!--v-if-->
        <!--v-if-->
        <!--v-if-->
        <!--v-if-->
        <!--v-if-->
        <g
          data-v-b0b6efce=""
          id="eyes-oval"
        >
          <path
            d="M208.58 126C208.58 138.262 199.744 148 189.08 148C178.415 148 169.58 138.262 169.58 126C169.58 113.738 178.415 104 189.08 104C199.744 104 208.58 113.738 208.58 126Z"
            data-v-b0b6efce=""
            fill="white"
            id="eye_23"
            stroke-width="2"
          />
          <ellipse
            cx="194.58"
            cy="125"
            data-v-b0b6efce=""
            id="iris _19"
            rx="15"
            ry="17"
          />
          <path
            d="M132.58 126C132.58 138.262 123.744 148 113.08 148C102.415 148 93.5798 138.262 93.5798 126C93.5798 113.738 102.415 104 113.08 104C123.744 104 132.58 113.738 132.58 126Z"
            data-v-b0b6efce=""
            fill="white"
            id="eye_24"
            stroke-width="2"
          />
          <ellipse
            cx="118.58"
            cy="125"
            data-v-b0b6efce=""
            id="iris _20"
            rx="15"
            ry="17"
          />
        </g>
      </g>
      <g
        data-v-b0b6efce=""
        fill="#fff"
        id="hair"
        transform="scale(-1, 1) translate(-300, 0)"
      >
        <!--v-if-->
        <!--v-if-->
        <!--v-if-->
        <!--v-if-->
        <!--v-if-->
        <g
          data-v-b0b6efce=""
          id="hair / Princess"
        >
          <path
            clip-rule="evenodd"
            d="M254.607 125.975C258.612 132.812 261.799 138.253 263.1 141C267.6 150.5 277.1 173 270.1 191.5C266.469 201.096 260.552 205.445 255.696 209.014C251.191 212.326 247.6 214.965 247.6 220.5C247.6 225.248 251.266 230.594 255.147 236.254C260.666 244.302 266.623 252.987 263.1 261.5C258.3 273.1 241.1 280.667 233.1 283C234.1 280.667 235.5 274.1 233.1 266.5C229.6 276.333 218.6 296.2 202.6 297C204.773 288.91 208.049 273.753 208.32 262.516C205.416 264.767 202.232 266.53 199.1 267C200.267 264 201.9 256.7 199.1 251.5C189.433 255.167 166.6 262.6 152.6 263L148.6 251.5L144.6 263C130.6 262.6 107.767 255.167 98.1 251.5C95.3 256.7 96.9333 264 98.1 267C94.9677 266.53 91.7842 264.767 88.8799 262.516C89.1512 273.753 92.4267 288.91 94.6 297C78.6 296.2 67.6 276.333 64.1 266.5C61.7 274.1 63.1 280.667 64.1 283C56.1 280.667 38.9 273.1 34.1 261.5C30.5774 252.987 36.5335 244.302 42.0527 236.254C43.3524 234.359 44.6279 232.499 45.7497 230.685L49.6 220.5C49.6 214.965 46.0092 212.325 41.5036 209.014C40.8776 208.554 40.2338 208.081 39.5797 207.585C35.1603 204.236 30.2626 199.858 27.1 191.5C20.1 173 29.6 150.5 34.1 141C38.6 131.5 51.1 103 64.6 69.5C76.51 39.9456 86.6 22 151.6 22C152.472 22 153.584 21.9591 154.898 21.9108C170.155 21.3495 212.75 19.7826 226.1 69.5C229.971 83.9169 244.761 109.166 254.607 125.975ZM100.035 190.789C99.3953 186.105 97.8419 181.448 94.6 176.5C91.4885 171.751 88.0016 167.967 84.7891 164.481C78.1934 157.324 72.7551 151.423 74.1 141C87.3 126.2 101.6 85.5 107.1 67C110.7 72.2 108.6 85.5 107.1 91.5C117.1 91.5 131.6 79.1667 137.6 73C136.8 78.6 131.6 87.6667 129.1 91.5C163.1 92.7 173.6 68.6667 174.6 56.5C187.1 85 194.6 101 213.1 99C213.1 104.757 215.292 111.748 217.667 119.325C219.831 126.225 222.147 133.613 223.1 141C224.433 151.328 218.884 157.216 212.222 164.285C208.885 167.825 205.27 171.662 202.1 176.5C198.443 182.081 197.009 187.292 196.628 192.589C192.453 194.895 188.573 196.719 185.406 198C180.572 200 166.706 204 149.906 204C133.106 204 119.239 200 114.406 198C110.455 196.402 105.394 193.959 100.035 190.789Z"
            data-v-b0b6efce=""
            fill-rule="evenodd"
            id="princess"
          />
        </g>
        <!--v-if-->
        <!--v-if-->
        <!--v-if-->
        <!--v-if-->
        <!--v-if-->
        <!--v-if-->
        <!--v-if-->
        <!--v-if-->
        <!--v-if-->
        <!--v-if-->
        <!--v-if-->
        <!--v-if-->
        <!--v-if-->
      </g>
      <g
        data-v-b0b6efce=""
        id="noses"
      >
        <!--v-if-->
        <ellipse
          cx="152.583"
          cy="139.5"
          data-v-b0b6efce=""
          fill="#FF7E36"
          id="nose-oval"
          rx="9"
          ry="5.5"
        />
        <!--v-if-->
        <!--v-if-->
      </g>
      <path
        clip-rule="evenodd"
        d="M125.936 200.52C115.056 202.609 96.693 211.194 79.083 235C64.1538 255.182 54.4157 267.609 47.1283 276.112C46.4567 276.038 45.7743 276 45.083 276C34.8657 276 26.583 284.283 26.583 294.5C26.583 304.717 34.8657 313 45.083 313C55.3003 313 63.583 304.717 63.583 294.5C63.583 291.965 63.073 289.548 62.15 287.348C76.0007 273.375 96.1034 253.542 108.436 246.5C104.232 260.573 93.7641 318.514 108.436 353.5H144.083L150.333 330.5L157.083 353.5H192.23C206.902 318.514 196.434 260.573 192.23 246.5C203.992 253.216 223.857 272.602 238.171 286.989C237.15 289.285 236.583 291.826 236.583 294.5C236.583 304.717 244.866 313 255.083 313C265.3 313 273.583 304.717 273.583 294.5C273.583 284.283 265.3 276 255.083 276C254.618 276 254.157 276.017 253.701 276.051C245.966 267.008 235.656 254.025 221.583 235C203.324 210.316 184.255 201.997 173.558 200.316C167.076 201.76 158.631 203 149.277 203C140.369 203 132.285 201.875 125.936 200.52Z"
        data-v-b0b6efce=""
        fill="#f0a06f"
        fill-rule="evenodd"
        id="body"
      />
      <path
        clip-rule="evenodd"
        d="M199.576 297.17C191.971 297.805 164.625 300 150.083 300C137.092 300 112.131 298.248 101.079 297.422C100.271 316.651 101.718 337.482 108.436 353.5H144.083L150.333 330.5L157.083 353.5H192.231C198.977 337.412 200.408 316.469 199.576 297.17Z"
        data-v-b0b6efce=""
        fill="#212121"
        fill-rule="evenodd"
        id="pants"
      />
      <g
        data-v-b0b6efce=""
        filter="url(#filter2_f)"
        id="neck"
        opacity="0.1"
        style="mix-blend-mode: hard-light;"
      >
        <path
          clip-rule="evenodd"
          d="M181.677 205.12C180.703 210.652 178.229 219.035 177.059 223C176.637 224.429 176.332 226.949 175.978 229.872C175.093 237.173 173.904 246.985 169.833 248.584C164.132 250.822 157.666 252 151.083 252C144.5 252 138.034 250.822 132.333 248.584C126.632 246.346 125.083 233.5 125.083 224C125.083 218.367 123.316 213.428 121.878 209.408C121.339 207.901 120.846 206.523 120.51 205.285C122.855 204.462 125.013 203.89 126.936 203.52C133.285 204.875 141.369 206 150.277 206C159.631 206 168.076 204.76 174.558 203.316C176.637 203.642 179.033 204.22 181.677 205.12Z"
          data-v-b0b6efce=""
          fill="#700000"
          fill-rule="evenodd"
        />
      </g>
      <g
        data-v-b0b6efce=""
        id="clothes"
      >
        <!-- &lt;image href="@/assets/cupcake-dress-6.png" width="213" height="163" x="43.58" y="191"&gt;&lt;/image&gt; -->
      </g>
      <g
        data-v-b0b6efce=""
        id="mouth"
      >
        <!--v-if-->
        <!--v-if-->
        <!--v-if-->
        <!--v-if-->
        <!--v-if-->
        <!--v-if-->
        <g
          data-v-b0b6efce=""
          id="mouth-cat"
        >
          <path
            d="M127 158C129.333 160.667 135.4 166 141 166C146.6 166 151 162.667 152.5 161C154 162.667 158.4 166 164 166C169.6 166 175.667 160.667 178 158"
            data-v-b0b6efce=""
            id="cat_2"
            stroke="#8C501D"
            stroke-linecap="round"
            stroke-linejoin="round"
            stroke-width="3"
          />
        </g>
        <!--v-if-->
      </g>
    </g>
    <defs
      data-v-b0b6efce=""
    >
      <filter
        color-interpolation-filters="sRGB"
        data-v-b0b6efce=""
        filterUnits="userSpaceOnUse"
        height="41"
        id="filter0_f"
        width="179"
        x="61.5798"
        y="136"
      >
        <feflood
          data-v-b0b6efce=""
          flood-opacity="0"
          result="BackgroundImageFix"
        />
        <feblend
          data-v-b0b6efce=""
          in="SourceGraphic"
          in2="BackgroundImageFix"
          mode="normal"
          result="shape"
        />
        <fegaussianblur
          data-v-b0b6efce=""
          result="effect1_foregroundBlur"
          stdDeviation="2.5"
        />
      </filter>
      <filter
        color-interpolation-filters="sRGB"
        data-v-b0b6efce=""
        filterUnits="userSpaceOnUse"
        height="41"
        id="filter1_f"
        width="179"
        x="61.5798"
        y="136"
      >
        <feflood
          data-v-b0b6efce=""
          flood-opacity="0"
          result="BackgroundImageFix"
        />
        <feblend
          data-v-b0b6efce=""
          in="SourceGraphic"
          in2="BackgroundImageFix"
          mode="normal"
          result="shape"
        />
        <fegaussianblur
          data-v-b0b6efce=""
          result="effect1_foregroundBlur"
          stdDeviation="2.5"
        />
      </filter>
      <filter
        color-interpolation-filters="sRGB"
        data-v-b0b6efce=""
        filterUnits="userSpaceOnUse"
        height="52.6844"
        id="filter2_f"
        width="65.1671"
        x="118.51"
        y="201.316"
      >
        <feflood
          data-v-b0b6efce=""
          flood-opacity="0"
          result="BackgroundImageFix"
        />
        <feblend
          data-v-b0b6efce=""
          in="SourceGraphic"
          in2="BackgroundImageFix"
          mode="normal"
          result="shape"
        />
        <fegaussianblur
          data-v-b0b6efce=""
          result="effect1_foregroundBlur"
          stdDeviation="1"
        />
      </filter>
      <clippath
        data-v-b0b6efce=""
        id="clip0"
      >
        <rect
          data-v-b0b6efce=""
          fill="white"
          height="33"
          transform="translate(135.583 123)"
          width="33"
        />
      </clippath>
    </defs>
  </svg>
  <img
    alt="tee-2"
    class="character__clothes"
    data-v-b0b6efce=""
    height="169"
    src="https://res.cloudinary.com/claudiabdm/image/upload/f_auto/animal-crossing/tee-2.png"
    width="214"
  />
</div>
`;
